scrub in all
pass quick on mmx0 all allow-opts
block drop in quick on uap0 from <blacklist> to any
block drop in quick on uap0 from any to (ppp0)
block drop in quick on uap0 from any to (ecm0)
block drop in quick on uap0 from any to (en0)
block drop in quick on uap0 from any to (mmx0:network)
pass in quick on uap0 proto udp from any port = bootpc to any port = bootp keep state (if-bound) allow-opts queue(control_out, control_ack)
block drop in quick on uap0 inet from ! (uap0:network) to any
pass in quick on uap0 inet proto icmp from (uap0:network) to (uap0) keep state (if-bound) allow-opts
pass in quick on uap0 inet6 proto ipv6-icmp from any to (uap0) keep state (if-bound) allow-opts
pass in quick on uap0 proto udp from (uap0:network) to (uap0) port = domain keep state (if-bound) allow-opts queue(control_out, control_ack)
pass in quick on uap0 proto tcp from (uap0:network) to (uap0) port = domain keep state (if-bound) allow-opts queue(control_out, control_ack)
pass in quick on uap0 inet from any to 239.255.255.0/24 allow-opts
pass in quick on uap0 proto tcp from any to (uap0) port = 49152 keep state (if-bound) allow-opts queue(audio_out, audio_ack)
pass in quick on uap0 proto udp from any to (uap0) port 49153:49162 keep state (if-bound) allow-opts queue(audio_out, audio_ack)
anchor "EXLAP" in on uap0 proto tcp from any to (uap0) port = 25010
anchor "EXLAP" in on uap0 proto udp from any to any port = 28500
pass in quick on uap0 proto tcp from any to (uap0) port = 25010 flags S/SA keep state (source-track rule, max-src-states 9, max-src-conn 8, max-src-nodes 8, overload <blacklist> flush, if-bound) queue(default_out, default_ack)
pass in quick on uap0 proto udp from any to any port = 28500 keep state (max 90, source-track rule, max-src-nodes 8, if-bound) allow-opts queue(default_out, default_ack)
block drop in quick proto tcp from any to any port 1500:1501
block drop in quick proto tcp from any to any port 1504:1505
block drop in quick proto tcp from any to any port = 2225
block drop in quick proto tcp from any to any port = 8000
block drop in quick proto tcp from any to any port = 8100
block drop in quick proto tcp from any to any port = 10123
block drop in quick proto tcp from any to any port = 31337
block drop in quick proto tcp from any to any port = 32111
block drop in quick on uap0 from any to (uap0)
pass in quick on uap0 from (uap0:network) to (uap0:network) keep state (if-bound) allow-opts queue(default_out, default_ack)
pass out quick on uap0 all keep state (if-bound) allow-opts
pass in quick on ppp0 proto udp from any port = bootp to any port = bootpc keep state (if-bound)
pass in quick on ecm0 proto udp from any port = bootp to any port = bootpc keep state (if-bound)
pass out quick on ppp0 proto udp from any port = bootpc to any port = bootp keep state (if-bound)
pass out quick on ecm0 proto udp from any port = bootpc to any port = bootp keep state (if-bound)
block drop in quick on ppp0 all
block drop in quick on ecm0 all
block drop quick on ppp0 from any to <multicast>
block drop quick on ecm0 from any to <multicast>
block drop out quick on ppp0 from (ppp0) to (en0:network)
block drop out quick on ecm0 from (ecm0) to (en0:network)
block drop out quick on ppp0 proto icmp from (mmx0) to (ppp0)
block drop out quick on ecm0 proto icmp from (mmx0) to (ecm0)
block drop out quick on ppp0 from ! (ppp0) to any
block drop out quick on ecm0 from ! (ecm0) to any
pass in quick on en0 proto tcp from any to (en0) port = 123 allow-opts
pass in quick on en0 proto tcp from any to (en0) port = 851 allow-opts
pass in quick on en0 proto tcp from any to (en0) port = 7800 allow-opts
pass in quick on en0 proto tcp from any to (en0) port = 57005 allow-opts
pass out quick on en0 proto tcp from (en0) port = 123 to any allow-opts
pass out quick on en0 proto tcp from (en0) port = 851 to any allow-opts
pass out quick on en0 proto tcp from (en0) port = 7800 to any allow-opts
pass out quick on en0 proto tcp from (en0) port = 57005 to any allow-opts
pass in quick on en0 proto udp from any to (en0) port = 851 allow-opts
pass out quick on en0 proto udp from (en0) port = 851 to any allow-opts
pass in quick on en0 proto udp from any port = bootp to any port = bootpc keep state (if-bound) queue ack_ack
block drop quick on en0 inet from any to 224.0.0.0/4
block drop in quick on en0 inet from 127.0.0.0/8 to any
pass in quick on en0 inet proto icmp from any to (en0) keep state (if-bound) allow-opts
pass in quick on en0 proto tcp from any to (en0) port = telnet allow-opts
pass in quick on en0 proto tcp from any to (en0) port = 1800 allow-opts
pass in quick on en0 proto tcp from any to (en0) port = 2012 allow-opts
pass in quick on en0 proto tcp from any to (en0) port = 10123 allow-opts
pass in quick on en0 proto tcp from any to (en0) port = 15000 allow-opts
pass in quick on en0 proto tcp from any to (en0) port = 16001 allow-opts
pass in quick on en0 proto tcp from any to (en0) port = 21002 allow-opts
pass in quick on en0 proto tcp from any to (en0) port 22110:22111 allow-opts
pass out quick on en0 proto tcp from (en0) port = telnet to any allow-opts
pass out quick on en0 proto tcp from (en0) port = 1800 to any allow-opts
pass out quick on en0 proto tcp from (en0) port = 2012 to any allow-opts
pass out quick on en0 proto tcp from (en0) port = 10123 to any allow-opts
pass out quick on en0 proto tcp from (en0) port = 15000 to any allow-opts
pass out quick on en0 proto tcp from (en0) port = 16001 to any allow-opts
pass out quick on en0 proto tcp from (en0) port = 21002 to any allow-opts
pass out quick on en0 proto tcp from (en0) port 22110:22111 to any allow-opts
pass in quick on en0 proto tcp from any port = 2500 to (en0) allow-opts
pass out quick on en0 proto tcp from (en0) to any port = 2500 allow-opts
pass in quick on carplay0 proto tcp from any to any port 5000:5001 allow-opts
pass in quick on carplay0 proto tcp from any to any port = 5010 allow-opts
pass in quick on carplay0 proto tcp from any to any port 6000:6001 allow-opts
pass in quick on carplay0 proto tcp from any to any port 6030:6031 allow-opts
pass in quick on carplay0 proto tcp from any to any port = 6100 allow-opts
pass in quick on carplay0 proto tcp from any to any port = 6200 allow-opts
pass in quick on carplay0 proto tcp from any to any port 7000:7001 allow-opts
pass in quick on carplay0 proto tcp from any to any port = 7100 allow-opts
pass in quick on carplay0 proto udp from any to any port 67:68 allow-opts
pass in quick on carplay0 proto udp from any to any port = 5001 allow-opts
pass in quick on carplay0 proto udp from any to any port 6000:6002 allow-opts
pass in quick on carplay0 proto udp from any to any port 6010:6011 allow-opts
pass in quick on carplay0 proto udp from any to any port 6020:6021 allow-opts
pass in quick on carplay0 proto udp from any to any port 7010:7011 allow-opts
pass in quick on carplay0 proto udp from any to any port 7070:7071 allow-opts
pass in quick on carplay0 proto udp from any to any port = 5353 allow-opts
pass in quick on carplay0 inet6 proto ipv6-icmp all keep state (if-bound) allow-opts
pass in quick on carplay0 proto tcp from any port = 5001 to any allow-opts
block drop in quick on carplay0 all
pass out quick on carplay0 proto udp from any to any port = 5001 keep state (if-bound) allow-opts
pass out quick on carplay0 proto tcp from any to any port = 5001 keep state (if-bound) allow-opts
pass out quick on carplay0 all allow-opts
pass in quick on carlife0 inet6 proto tcp from any port = 7240 to any allow-opts
pass in quick on carlife0 inet6 proto tcp from any port = 8240 to any allow-opts
pass in quick on carlife0 inet6 proto tcp from any port 9240:9242 to any allow-opts
pass in quick on carlife0 inet6 proto tcp from any port = 9340 to any allow-opts
pass in quick on carlife0 inet6 from any to ff00::/8 allow-opts
pass in quick on carlife0 inet6 proto ipv6-icmp all keep state (if-bound) allow-opts
block drop in quick on carlife0 all
pass out quick on carlife0 all allow-opts
block drop in quick on en0 all
pass out quick on en0 all keep state (if-bound) allow-opts
anchor "dns_data" out on ppp0 from (ppp0) to <dns_server>
anchor "dns_data" out on ecm0 from (ecm0) to <dns_server>
anchor "wlan_data" in on uap0 from (uap0:network) to any
anchor "mmi_data" out on ppp0 from (ppp0) to any
anchor "mmi_data" out on ecm0 from (ecm0) to any
pass out quick on mmx0 inet from any to 10.0.0.16 keep state (if-bound) allow-opts
PROBE_RESULT status=0 command=/armle/sbin/pfctl -sr
