00:01:45.396 maneuver_render: starting 328x181
maneuver_render: priority raised to 15
server: 127.0.0.1:19800 not yet listening, will retry
platform_qnx: displayable=98 context=80 display=1
platform_qnx: LD_LIBRARY_PATH=/mnt/app/root/lib-target:/eso/lib:/mnt/app/usr/lib:/mnt/app/armle/lib:/mnt/app/armle/lib/dll:/mnt/app/armle/usr/lib
platform_qnx: IPL_CONFIG_DIR=/etc/eso/production/
platform_qnx: pid=23715889 ppid=22548622 cwd=/mnt/app/root/hooks
platform_qnx: pre-EGL cluster window (screen_create_context)...
cluster_surface: window id=98 328x181 fmt=8 usage=0x20 nbuf=2 managed
platform_qnx: eglGetDisplay...
00:01:45.499 platform_qnx: EGL 1.4
platform_qnx: eglChooseConfig...
platform_qnx: got 1 config(s)
platform_qnx: eglCreateContext...
platform_qnx: display_create_window(328x181, disp=98)...
platform_qnx: native swap interval requested=2 readback=2
platform_qnx: EGL vendor=Qualcomm, Inc version=1.4 extensions=EGL_QUALCOMM_shared_image EGL_KHR_image EGL_KHR_image_base EGL_QCOM_create_image EGL_KHR_lock_surface EGL_KHR_lock_surface2 EGL_KHR_lock_surface3 EGL_KHR_fence_sync EGL_KHR_cl_event EGL_KHR_cl_event2 EGL_IMG_context_priority EGL_KHR_gl_texture_2D_image EGL_KHR_gl_texture_cubemap_image EGL_KHR_gl_texture_3D_image EGL_KHR_gl_renderbuffer_image EGL_EXT_create_context_robustness EGL_ANDROID_blob_cache EGL_ANDROID_framebuffer_target EGL_KHR_create_context EGL_KHR_wait_sync EGL_KHR_gl_colorspace EGL_QNX_shared_image EGL_KHR_image_pixmap EGL_QNX_image_native_buffer  EGL_QNX_api_trace
platform_qnx: GL vendor=Qualcomm renderer=Adreno (TM) 320 version=OpenGL ES 2.0 3929146 extensions=GL_AMD_compressed_ATC_texture GL_AMD_performance_monitor GL_AMD_program_binary_Z400 GL_EXT_debug_label GL_EXT_debug_marker GL_EXT_discard_framebuffer GL_EXT_robustness GL_EXT_texture_format_BGRA8888 GL_EXT_texture_type_2_10_10_10_REV GL_NV_fence GL_OES_compressed_ETC1_RGB8_texture GL_OES_depth_texture GL_OES_depth24 GL_OES_EGL_image GL_OES_EGL_sync GL_OES_EGL_image_external GL_OES_element_index_uint GL_OES_fbo_render_mipmap GL_OES_fragment_precision_high GL_OES_get_program_binary GL_OES_packed_depth_stencil GL_OES_depth_texture_cube_map GL_OES_rgb8_rgba8 GL_OES_standard_derivatives GL_OES_texture_3D GL_OES_texture_float GL_OES_texture_half_float GL_OES_texture_half_float_linear GL_OES_texture_npot GL_OES_vertex_half_float GL_OES_vertex_type_10_10_10_2 GL_OES_vertex_array_object GL_QCOM_alpha_test GL_QCOM_binning_control GL_QCOM_driver_control GL_QCOM_perfmon_global_mode GL_QCOM_extended_get GL_QCOM_extended_get2 GL_QCOM_tiled_rendering GL_QCOM_writeonly_rendering GL_EXT_sRGB GL_EXT_sRGB_write_control GL_EXT_texture_sRGB_decode GL_EXT_texture_filter_anisotropic GL_EXT_texture_compression_s3tc GL_ANGLE_framebuffer_multisample GL_ANGLE_framebuffer_blit GL_EXT_multisampled_render_to_texture GL_EXT_color_buffer_float GL_EXT_color_buffer_half_float GL_EXT_disjoint_timer_query GL_OES_mapbuffer 
platform_qnx: OK 328x181 (swap interval=2 requested; capture cadence independent)
maneuver_render: framebuffer 328x181
render: SSAA 525x290 -> 328x181
render: FXAA shader OK
render: FXAA FBO 525x290 tex=2 fbo=2 attr=0
render: 2 FBOs init 1838x1016 (mask half extents 6.34 x 3.50)
render: init multi-layer 328x181 (default fbo=0)
render: flag atlas loaded 1792x128 (14 frames) tex=5 gl_err=0x0
maneuver_render: ready, waiting for commands on :19800
scene: kind=1 fallback=0 commands=0
00:01:48.214 server: connected to 127.0.0.1:19800
engine: deferred perspective=3D
engine: reveal from clear icon=1
engine: first frame ready
lanes: event=-1 showing=0 count=0 complete=0
engine: deferred perspective=3D
engine: new maneuver icon=2
scene: kind=0 fallback=0 commands=34
engine: deferred perspective=3D
engine: queued icon=2 (phase=1)
engine: deferred perspective=3D
engine: queued icon=2 (phase=1)
engine: deferred perspective=3D
engine: queued icon=2 (phase=1)
engine: AltScreen video up -> active frames 15 fps, priority 10
engine: promoting queued icon=2
scene: kind=0 fallback=0 commands=214
