     pid name               
PROBE_RESULT status=0 command=pidin -p dio_manager libs
     pid name               
PROBE_RESULT status=0 command=pidin -p dio_manager libs
     pid name               
19660924 n/apps/dio_manager 
	   Address                                DT_SONAME Path
	0x00100000                                      EXE /mnt/app/eso/bin/apps/dio_manager
	0x787a0000                       libcarplay_hook.so /mnt/app/root/hooks/libcarplay_hook.so
	0x78380000                  libcarplay_altscreen.so /mnt/app/root/carplay-altscreen/lib/libcarplay_altscreen.so
	0x780a0000                            libairplay.so /mnt/app/eso/lib/libairplay.so
	0x78190000                             libNmeSDK.so /mnt/app/armle/usr/lib/libNmeSDK.so
	0x7808a000                              libpps.so.1 /mnt/app/armle/lib/libpps.so.1
	0x7803e000                            libusbdi.so.2 /lib/libusbdi.so.2
	0x78280000                               libcomm.so /mnt/app/eso/lib/libcomm.so
	0x784e0000                          libiplcommon.so /mnt/app/eso/lib/libiplcommon.so
	0x78460000                               libosal.so /mnt/app/eso/lib/libosal.so
	0x78610000                               libutil.so /mnt/app/eso/lib/libutil.so
	0x78033000                          libdsicommon.so /mnt/app/eso/lib/libdsicommon.so
	0x78026000                        libbacktrace.so.1 /lib/libbacktrace.so.1
	0x78000000                           libasound.so.2 /lib/libasound.so.2
	0x7806f000                           libomxctx.so.1 /mnt/app/armle/lib/libomxctx.so.1
	0x78419000                            libOmxBase.so /mnt/app/armle/lib/libOmxBase.so
	0x7802c000                            libOmxCore.so /mnt/app/armle/lib/libOmxCore.so
	0x78051000                      libOSAbstraction.so /proc/boot/libOSAbstraction.so
	0x78160000                           libscreen.so.1 /proc/boot/libscreen.so.1
	0x7805d000                           libdns_sd.so.1 /mnt/app/armle/usr/lib/libdns_sd.so.1
	0x78350000                           libsocket.so.3 /lib/libsocket.so.3
	0x78258000                                libm.so.2 /mnt/app/armle/lib/libm.so.2
	0x78540000                          libecpp-ne.so.4 /lib/libecpp-ne.so.4
	0x01960000                                libc.so.3 /usr/lib/ldqnx.so.2
	0x7817b000                                libz.so.2 /mnt/app/armle/usr/lib/libz.so.2
	0x78580000                                libNme.so /mnt/app/armle/usr/lib/libNme.so

PROBE_RESULT status=0 command=pidin -p dio_manager libs
     pid name               
21151790 n/apps/dio_manager 
	   Address                                DT_SONAME Path
	0x00100000                                      EXE /mnt/app/eso/bin/apps/dio_manager
	0x78c30000                       libcarplay_hook.so /mnt/app/root/hooks/libcarplay_hook.so
	0x78080000                  libcarplay_altscreen.so /mnt/app/root/carplay-altscreen/lib/libcarplay_altscreen.so
	0x78510000                            libairplay.so /mnt/app/eso/lib/libairplay.so
	0x78290000                             libNmeSDK.so /mnt/app/armle/usr/lib/libNmeSDK.so
	0x78074000                              libpps.so.1 /mnt/app/armle/lib/libpps.so.1
	0x78030000                            libusbdi.so.2 /lib/libusbdi.so.2
	0x781a0000                               libcomm.so /mnt/app/eso/lib/libcomm.so
	0x78120000                          libiplcommon.so /mnt/app/eso/lib/libiplcommon.so
	0x78470000                               libosal.so /mnt/app/eso/lib/libosal.so
	0x78383000                               libutil.so /mnt/app/eso/lib/libutil.so
	0x78005000                          libdsicommon.so /mnt/app/eso/lib/libdsicommon.so
	0x78025000                        libbacktrace.so.1 /lib/libbacktrace.so.1
	0x7804c000                           libasound.so.2 /lib/libasound.so.2
	0x7800c000                           libomxctx.so.1 /mnt/app/armle/lib/libomxctx.so.1
	0x78af0000                            libOmxBase.so /mnt/app/armle/lib/libOmxBase.so
	0x7801d000                            libOmxCore.so /mnt/app/armle/lib/libOmxCore.so
	0x7803c000                      libOSAbstraction.so /proc/boot/libOSAbstraction.so
	0x78180000                           libscreen.so.1 /proc/boot/libscreen.so.1
	0x78015000                           libdns_sd.so.1 /mnt/app/armle/usr/lib/libdns_sd.so.1
	0x78352000                           libsocket.so.3 /lib/libsocket.so.3
	0x78269000                                libm.so.2 /mnt/app/armle/lib/libm.so.2
	0x78890000                          libecpp-ne.so.4 /lib/libecpp-ne.so.4
	0x01660000                                libc.so.3 /usr/lib/ldqnx.so.2
	0x78169000                                libz.so.2 /mnt/app/armle/usr/lib/libz.so.2
	0x78840000                                libNme.so /mnt/app/armle/usr/lib/libNme.so
	0x7861f000                           libNmeImage.so /mnt/app/armle/usr/lib/libNmeImage.so
	0x78e00000                     libNmeBaseClasses.so /mnt/app/armle/usr/lib/libNmeBaseClasses.so
	0x78116000                              libaoi.so.1 /mnt/app/armle/usr/lib/libaoi.so.1
	0x78000000                        libcommonUtils.so /proc/boot/libcommonUtils.so
	0x784f0000                             liblibstd.so /proc/boot/liblibstd.so
	0x788d0000                            libtracing.so /mnt/app/eso/lib/libtracing.so
	0x784fd000               libRemoteConnectBackend.so /mnt/app/eso/lib/tracingPlugins/libRemoteConnectBackend.so
	0x785f0000                    libTracingProtocol.so /mnt/app/eso/lib/libTracingProtocol.so
	0x785d2000                             libprobes.so /mnt/app/eso/lib/libprobes.so
	0x78826000                        libbrokerproxy.so /mnt/app/eso/lib/factories/libbrokerproxy.so
	0x787dd000           libasimmxsmartphoneappproxy.so /mnt/app/eso/lib/factories/libasimmxsmartphoneappproxy.so
	0x78810000                    libdsicarplayproxy.so /mnt/app/eso/lib/factories/libdsicarplayproxy.so
	0x78800000      libasimmxesoposproviderfullproxy.so /mnt/app/eso/lib/factories/libasimmxesoposproviderfullproxy.so
	0x787ec000  libasimmxconnectivity_bluetoothproxy.so /mnt/app/eso/lib/factories/libasimmxconnectivity_bluetoothproxy.so
	0x78870000                   libpersistenceproxy.so /mnt/app/eso/lib/factories/libpersistenceproxy.so
	0x788b7000 libasi_dsi_spy_generalvehiclestatesproxy /mnt/app/eso/lib/factories/libasi_dsi_spy_generalvehiclestatesproxy.so
	0x78a30000  libasi_dsi_spy_carvehiclestatesproxy.so /mnt/app/eso/lib/factories/libasi_dsi_spy_carvehiclestatesproxy.so
	0x78960000                 libunicodestring_data.so /mnt/app/eso/lib/libunicodestring_data.so
	0x79400000                             libNmeVfs.so /mnt/app/armle/usr/lib/cinemo/libNmeVfs.so
	0x78a80000                              libssl.so.2 /mnt/app/armle/usr/lib/libssl.so.2
	0x79200000                           libcrypto.so.2 /mnt/app/armle/usr/lib/libcrypto.so.2
	0x78a10000                       libNmeTransport.so /mnt/app/armle/usr/lib/cinemo/libNmeTransport.so
	0x78a50000                    libmmiVdec_asic_AF.so /mnt/app/armle/lib/libmmiVdec_asic_AF.so
	0x79b00000                    libgpuDeinterlacer.so /mnt/app/armle/graphics/libgpuDeinterlacer.so
	0x78b80000                                 egl14.so /proc/boot/egl14.so
	0x78cc0000                            OpenGLES20.so /proc/boot/OpenGLES20.so
	0x7802b000                        libpmem_client.so /lib/libpmem_client.so
	0x78504000                             libOSUser.so /proc/boot/libOSUser.so
	0x78949000                              libpanel.so /proc/boot/libpanel.so
	0x787d3000                            libGSLUser.so /proc/boot/libGSLUser.so
	0x785ca000                       libadreno_utils.so /proc/boot/libadreno_utils.so

PROBE_RESULT status=0 command=pidin -p dio_manager libs
     pid name               
21151790 n/apps/dio_manager 
	   Address                                DT_SONAME Path
	0x00100000                                      EXE /mnt/app/eso/bin/apps/dio_manager
	0x78c30000                       libcarplay_hook.so /mnt/app/root/hooks/libcarplay_hook.so
	0x78080000                  libcarplay_altscreen.so /mnt/app/root/carplay-altscreen/lib/libcarplay_altscreen.so
	0x78510000                            libairplay.so /mnt/app/eso/lib/libairplay.so
	0x78290000                             libNmeSDK.so /mnt/app/armle/usr/lib/libNmeSDK.so
	0x78074000                              libpps.so.1 /mnt/app/armle/lib/libpps.so.1
	0x78030000                            libusbdi.so.2 /lib/libusbdi.so.2
	0x781a0000                               libcomm.so /mnt/app/eso/lib/libcomm.so
	0x78120000                          libiplcommon.so /mnt/app/eso/lib/libiplcommon.so
	0x78470000                               libosal.so /mnt/app/eso/lib/libosal.so
	0x78383000                               libutil.so /mnt/app/eso/lib/libutil.so
	0x78005000                          libdsicommon.so /mnt/app/eso/lib/libdsicommon.so
	0x78025000                        libbacktrace.so.1 /lib/libbacktrace.so.1
	0x7804c000                           libasound.so.2 /lib/libasound.so.2
	0x7800c000                           libomxctx.so.1 /mnt/app/armle/lib/libomxctx.so.1
	0x78af0000                            libOmxBase.so /mnt/app/armle/lib/libOmxBase.so
	0x7801d000                            libOmxCore.so /mnt/app/armle/lib/libOmxCore.so
	0x7803c000                      libOSAbstraction.so /proc/boot/libOSAbstraction.so
	0x78180000                           libscreen.so.1 /proc/boot/libscreen.so.1
	0x78015000                           libdns_sd.so.1 /mnt/app/armle/usr/lib/libdns_sd.so.1
	0x78352000                           libsocket.so.3 /lib/libsocket.so.3
	0x78269000                                libm.so.2 /mnt/app/armle/lib/libm.so.2
	0x78890000                          libecpp-ne.so.4 /lib/libecpp-ne.so.4
	0x01660000                                libc.so.3 /usr/lib/ldqnx.so.2
	0x78169000                                libz.so.2 /mnt/app/armle/usr/lib/libz.so.2
	0x78840000                                libNme.so /mnt/app/armle/usr/lib/libNme.so
	0x7861f000                           libNmeImage.so /mnt/app/armle/usr/lib/libNmeImage.so
	0x78e00000                     libNmeBaseClasses.so /mnt/app/armle/usr/lib/libNmeBaseClasses.so
	0x78116000                              libaoi.so.1 /mnt/app/armle/usr/lib/libaoi.so.1
	0x78000000                        libcommonUtils.so /proc/boot/libcommonUtils.so
	0x784f0000                             liblibstd.so /proc/boot/liblibstd.so
	0x788d0000                            libtracing.so /mnt/app/eso/lib/libtracing.so
	0x784fd000               libRemoteConnectBackend.so /mnt/app/eso/lib/tracingPlugins/libRemoteConnectBackend.so
	0x785f0000                    libTracingProtocol.so /mnt/app/eso/lib/libTracingProtocol.so
	0x785d2000                             libprobes.so /mnt/app/eso/lib/libprobes.so
	0x78826000                        libbrokerproxy.so /mnt/app/eso/lib/factories/libbrokerproxy.so
	0x787dd000           libasimmxsmartphoneappproxy.so /mnt/app/eso/lib/factories/libasimmxsmartphoneappproxy.so
	0x78810000                    libdsicarplayproxy.so /mnt/app/eso/lib/factories/libdsicarplayproxy.so
	0x78800000      libasimmxesoposproviderfullproxy.so /mnt/app/eso/lib/factories/libasimmxesoposproviderfullproxy.so
	0x787ec000  libasimmxconnectivity_bluetoothproxy.so /mnt/app/eso/lib/factories/libasimmxconnectivity_bluetoothproxy.so
	0x78870000                   libpersistenceproxy.so /mnt/app/eso/lib/factories/libpersistenceproxy.so
	0x788b7000 libasi_dsi_spy_generalvehiclestatesproxy /mnt/app/eso/lib/factories/libasi_dsi_spy_generalvehiclestatesproxy.so
	0x78a30000  libasi_dsi_spy_carvehiclestatesproxy.so /mnt/app/eso/lib/factories/libasi_dsi_spy_carvehiclestatesproxy.so
	0x78960000                 libunicodestring_data.so /mnt/app/eso/lib/libunicodestring_data.so
	0x79400000                             libNmeVfs.so /mnt/app/armle/usr/lib/cinemo/libNmeVfs.so
	0x78a80000                              libssl.so.2 /mnt/app/armle/usr/lib/libssl.so.2
	0x79200000                           libcrypto.so.2 /mnt/app/armle/usr/lib/libcrypto.so.2
	0x78a10000                       libNmeTransport.so /mnt/app/armle/usr/lib/cinemo/libNmeTransport.so
	0x78a50000                    libmmiVdec_asic_AF.so /mnt/app/armle/lib/libmmiVdec_asic_AF.so
	0x79b00000                    libgpuDeinterlacer.so /mnt/app/armle/graphics/libgpuDeinterlacer.so
	0x78b80000                                 egl14.so /proc/boot/egl14.so
	0x78cc0000                            OpenGLES20.so /proc/boot/OpenGLES20.so
	0x7802b000                        libpmem_client.so /lib/libpmem_client.so
	0x78504000                             libOSUser.so /proc/boot/libOSUser.so
	0x78949000                              libpanel.so /proc/boot/libpanel.so
	0x787d3000                            libGSLUser.so /proc/boot/libGSLUser.so
	0x785ca000                       libadreno_utils.so /proc/boot/libadreno_utils.so

PROBE_RESULT status=0 command=pidin -p dio_manager libs
     pid name               
21151790 n/apps/dio_manager 
	   Address                                DT_SONAME Path
	0x00100000                                      EXE /mnt/app/eso/bin/apps/dio_manager
	0x78c30000                       libcarplay_hook.so /mnt/app/root/hooks/libcarplay_hook.so
	0x78080000                  libcarplay_altscreen.so /mnt/app/root/carplay-altscreen/lib/libcarplay_altscreen.so
	0x78510000                            libairplay.so /mnt/app/eso/lib/libairplay.so
	0x78290000                             libNmeSDK.so /mnt/app/armle/usr/lib/libNmeSDK.so
	0x78074000                              libpps.so.1 /mnt/app/armle/lib/libpps.so.1
	0x78030000                            libusbdi.so.2 /lib/libusbdi.so.2
	0x781a0000                               libcomm.so /mnt/app/eso/lib/libcomm.so
	0x78120000                          libiplcommon.so /mnt/app/eso/lib/libiplcommon.so
	0x78470000                               libosal.so /mnt/app/eso/lib/libosal.so
	0x78383000                               libutil.so /mnt/app/eso/lib/libutil.so
	0x78005000                          libdsicommon.so /mnt/app/eso/lib/libdsicommon.so
	0x78025000                        libbacktrace.so.1 /lib/libbacktrace.so.1
	0x7804c000                           libasound.so.2 /lib/libasound.so.2
	0x7800c000                           libomxctx.so.1 /mnt/app/armle/lib/libomxctx.so.1
	0x78af0000                            libOmxBase.so /mnt/app/armle/lib/libOmxBase.so
	0x7801d000                            libOmxCore.so /mnt/app/armle/lib/libOmxCore.so
	0x7803c000                      libOSAbstraction.so /proc/boot/libOSAbstraction.so
	0x78180000                           libscreen.so.1 /proc/boot/libscreen.so.1
	0x78015000                           libdns_sd.so.1 /mnt/app/armle/usr/lib/libdns_sd.so.1
	0x78352000                           libsocket.so.3 /lib/libsocket.so.3
	0x78269000                                libm.so.2 /mnt/app/armle/lib/libm.so.2
	0x78890000                          libecpp-ne.so.4 /lib/libecpp-ne.so.4
	0x01660000                                libc.so.3 /usr/lib/ldqnx.so.2
	0x78169000                                libz.so.2 /mnt/app/armle/usr/lib/libz.so.2
	0x78840000                                libNme.so /mnt/app/armle/usr/lib/libNme.so
	0x7861f000                           libNmeImage.so /mnt/app/armle/usr/lib/libNmeImage.so
	0x78e00000                     libNmeBaseClasses.so /mnt/app/armle/usr/lib/libNmeBaseClasses.so
	0x78116000                              libaoi.so.1 /mnt/app/armle/usr/lib/libaoi.so.1
	0x78000000                        libcommonUtils.so /proc/boot/libcommonUtils.so
	0x784f0000                             liblibstd.so /proc/boot/liblibstd.so
	0x788d0000                            libtracing.so /mnt/app/eso/lib/libtracing.so
	0x784fd000               libRemoteConnectBackend.so /mnt/app/eso/lib/tracingPlugins/libRemoteConnectBackend.so
	0x785f0000                    libTracingProtocol.so /mnt/app/eso/lib/libTracingProtocol.so
	0x785d2000                             libprobes.so /mnt/app/eso/lib/libprobes.so
	0x78826000                        libbrokerproxy.so /mnt/app/eso/lib/factories/libbrokerproxy.so
	0x787dd000           libasimmxsmartphoneappproxy.so /mnt/app/eso/lib/factories/libasimmxsmartphoneappproxy.so
	0x78810000                    libdsicarplayproxy.so /mnt/app/eso/lib/factories/libdsicarplayproxy.so
	0x78800000      libasimmxesoposproviderfullproxy.so /mnt/app/eso/lib/factories/libasimmxesoposproviderfullproxy.so
	0x787ec000  libasimmxconnectivity_bluetoothproxy.so /mnt/app/eso/lib/factories/libasimmxconnectivity_bluetoothproxy.so
	0x78870000                   libpersistenceproxy.so /mnt/app/eso/lib/factories/libpersistenceproxy.so
	0x788b7000 libasi_dsi_spy_generalvehiclestatesproxy /mnt/app/eso/lib/factories/libasi_dsi_spy_generalvehiclestatesproxy.so
	0x78a30000  libasi_dsi_spy_carvehiclestatesproxy.so /mnt/app/eso/lib/factories/libasi_dsi_spy_carvehiclestatesproxy.so
	0x78960000                 libunicodestring_data.so /mnt/app/eso/lib/libunicodestring_data.so
	0x79400000                             libNmeVfs.so /mnt/app/armle/usr/lib/cinemo/libNmeVfs.so
	0x78a80000                              libssl.so.2 /mnt/app/armle/usr/lib/libssl.so.2
	0x79200000                           libcrypto.so.2 /mnt/app/armle/usr/lib/libcrypto.so.2
	0x78a10000                       libNmeTransport.so /mnt/app/armle/usr/lib/cinemo/libNmeTransport.so
	0x78a50000                    libmmiVdec_asic_AF.so /mnt/app/armle/lib/libmmiVdec_asic_AF.so
	0x79b00000                    libgpuDeinterlacer.so /mnt/app/armle/graphics/libgpuDeinterlacer.so
	0x78b80000                                 egl14.so /proc/boot/egl14.so
	0x78cc0000                            OpenGLES20.so /proc/boot/OpenGLES20.so
	0x7802b000                        libpmem_client.so /lib/libpmem_client.so
	0x78504000                             libOSUser.so /proc/boot/libOSUser.so
	0x78949000                              libpanel.so /proc/boot/libpanel.so
	0x787d3000                            libGSLUser.so /proc/boot/libGSLUser.so
	0x785ca000                       libadreno_utils.so /proc/boot/libadreno_utils.so

PROBE_RESULT status=0 command=pidin -p dio_manager libs
     pid name               
21151790 n/apps/dio_manager 
	   Address                                DT_SONAME Path
	0x00100000                                      EXE /mnt/app/eso/bin/apps/dio_manager
	0x78c30000                       libcarplay_hook.so /mnt/app/root/hooks/libcarplay_hook.so
	0x78080000                  libcarplay_altscreen.so /mnt/app/root/carplay-altscreen/lib/libcarplay_altscreen.so
	0x78510000                            libairplay.so /mnt/app/eso/lib/libairplay.so
	0x78290000                             libNmeSDK.so /mnt/app/armle/usr/lib/libNmeSDK.so
	0x78074000                              libpps.so.1 /mnt/app/armle/lib/libpps.so.1
	0x78030000                            libusbdi.so.2 /lib/libusbdi.so.2
	0x781a0000                               libcomm.so /mnt/app/eso/lib/libcomm.so
	0x78120000                          libiplcommon.so /mnt/app/eso/lib/libiplcommon.so
	0x78470000                               libosal.so /mnt/app/eso/lib/libosal.so
	0x78383000                               libutil.so /mnt/app/eso/lib/libutil.so
	0x78005000                          libdsicommon.so /mnt/app/eso/lib/libdsicommon.so
	0x78025000                        libbacktrace.so.1 /lib/libbacktrace.so.1
	0x7804c000                           libasound.so.2 /lib/libasound.so.2
	0x7800c000                           libomxctx.so.1 /mnt/app/armle/lib/libomxctx.so.1
	0x78af0000                            libOmxBase.so /mnt/app/armle/lib/libOmxBase.so
	0x7801d000                            libOmxCore.so /mnt/app/armle/lib/libOmxCore.so
	0x7803c000                      libOSAbstraction.so /proc/boot/libOSAbstraction.so
	0x78180000                           libscreen.so.1 /proc/boot/libscreen.so.1
	0x78015000                           libdns_sd.so.1 /mnt/app/armle/usr/lib/libdns_sd.so.1
	0x78352000                           libsocket.so.3 /lib/libsocket.so.3
	0x78269000                                libm.so.2 /mnt/app/armle/lib/libm.so.2
	0x78890000                          libecpp-ne.so.4 /lib/libecpp-ne.so.4
	0x01660000                                libc.so.3 /usr/lib/ldqnx.so.2
	0x78169000                                libz.so.2 /mnt/app/armle/usr/lib/libz.so.2
	0x78840000                                libNme.so /mnt/app/armle/usr/lib/libNme.so
	0x7861f000                           libNmeImage.so /mnt/app/armle/usr/lib/libNmeImage.so
	0x78e00000                     libNmeBaseClasses.so /mnt/app/armle/usr/lib/libNmeBaseClasses.so
	0x78116000                              libaoi.so.1 /mnt/app/armle/usr/lib/libaoi.so.1
	0x78000000                        libcommonUtils.so /proc/boot/libcommonUtils.so
	0x784f0000                             liblibstd.so /proc/boot/liblibstd.so
	0x788d0000                            libtracing.so /mnt/app/eso/lib/libtracing.so
	0x784fd000               libRemoteConnectBackend.so /mnt/app/eso/lib/tracingPlugins/libRemoteConnectBackend.so
	0x785f0000                    libTracingProtocol.so /mnt/app/eso/lib/libTracingProtocol.so
	0x785d2000                             libprobes.so /mnt/app/eso/lib/libprobes.so
	0x78826000                        libbrokerproxy.so /mnt/app/eso/lib/factories/libbrokerproxy.so
	0x787dd000           libasimmxsmartphoneappproxy.so /mnt/app/eso/lib/factories/libasimmxsmartphoneappproxy.so
	0x78810000                    libdsicarplayproxy.so /mnt/app/eso/lib/factories/libdsicarplayproxy.so
	0x78800000      libasimmxesoposproviderfullproxy.so /mnt/app/eso/lib/factories/libasimmxesoposproviderfullproxy.so
	0x787ec000  libasimmxconnectivity_bluetoothproxy.so /mnt/app/eso/lib/factories/libasimmxconnectivity_bluetoothproxy.so
	0x78870000                   libpersistenceproxy.so /mnt/app/eso/lib/factories/libpersistenceproxy.so
	0x788b7000 libasi_dsi_spy_generalvehiclestatesproxy /mnt/app/eso/lib/factories/libasi_dsi_spy_generalvehiclestatesproxy.so
	0x78a30000  libasi_dsi_spy_carvehiclestatesproxy.so /mnt/app/eso/lib/factories/libasi_dsi_spy_carvehiclestatesproxy.so
	0x78960000                 libunicodestring_data.so /mnt/app/eso/lib/libunicodestring_data.so
	0x79400000                             libNmeVfs.so /mnt/app/armle/usr/lib/cinemo/libNmeVfs.so
	0x78a80000                              libssl.so.2 /mnt/app/armle/usr/lib/libssl.so.2
	0x79200000                           libcrypto.so.2 /mnt/app/armle/usr/lib/libcrypto.so.2
	0x78a10000                       libNmeTransport.so /mnt/app/armle/usr/lib/cinemo/libNmeTransport.so
	0x78a50000                    libmmiVdec_asic_AF.so /mnt/app/armle/lib/libmmiVdec_asic_AF.so
	0x79b00000                    libgpuDeinterlacer.so /mnt/app/armle/graphics/libgpuDeinterlacer.so
	0x78b80000                                 egl14.so /proc/boot/egl14.so
	0x78cc0000                            OpenGLES20.so /proc/boot/OpenGLES20.so
	0x7802b000                        libpmem_client.so /lib/libpmem_client.so
	0x78504000                             libOSUser.so /proc/boot/libOSUser.so
	0x78949000                              libpanel.so /proc/boot/libpanel.so
	0x787d3000                            libGSLUser.so /proc/boot/libGSLUser.so
	0x785ca000                       libadreno_utils.so /proc/boot/libadreno_utils.so

PROBE_RESULT status=0 command=pidin -p dio_manager libs
